// Jest Snapshot v1, https://goo.gl/fbAQLP

exports[`Header renders correctly 1`] = `
<header
  style={
    {
      "background": "#282828",
      "borderBottom": "solid 2px #1d1d1d",
      "marginBottom": "1.45rem",
      "position": "fixed",
      "width": "100%",
      "zIndex": 1,
    }
  }
>
  <div
    style={
      {
        "margin": "0 auto",
        "maxWidth": 960,
        "padding": "1.45rem 1.0875rem",
      }
    }
  >
    <h1
      style={
        {
          "margin": 0,
        }
      }
    >
      <a
        href="/"
        style={
          {
            "color": "#d79921",
            "textDecoration": "none",
          }
        }
      >
        Crafter Coder
      </a>
    </h1>
  </div>
</header>
`;
